{
  "auditStatuses": [
    "DASHBOARD_ARTIFACT_CONFIGURED"
  ],
  "dashboardTitle": "TestSSA",
  "businessService": "TestBusServ",
  "businessApplication": "confItem",
  "review": {
    "ARTIFACT": [
      {
        "auditStatuses": [
          "ART_SYS_ACCT_BUILD_USER",
          "ART_DOCK_IMG_FOUND"
        ],
        "lastUpdated": 1554402935734,
        "lastExecutionTime": 0,
        "binaryArtifact": {
          "id": "5ca6525e54904f47cd3fe9db",
          "collectorItemId": "5ca6525d54904f47cd3fe8f5",
          "timestamp": 1554402935734,
          "canonicalName": "cannonical.json",
          "artifactGroupId": "artgroupId",
          "artifactVersion": "1.0.0",
          "artifactName": "artifactName",
          "type": "file",
          "createdTimeStamp": 1554402935873,
          "createdBy": "user",
          "modifiedTimeStamp": 1554402935734,
          "modifiedBy": "user",
          "actual_sha1": "691dc92f7841d0c03074rf5gt6hyd7jkk",
          "actual_md5": "691dc92f7841d0c03074rf5gt6hyd7jkk",
          "virtualRepos": [
            "container"
          ],
          "metadata": {}
        }
      }
    ]
  }
}